/tmp/slurmd/job05725/slurm_script: line 21: ./miniconda3/etc/profile.d/conda.sh: No such file or directory

CondaError: Run 'conda init' before 'conda activate'

wandb: [wandb.login()] Loaded credentials for https://api.wandb.ai from /home/matias_rodriguez/.netrc.
wandb: Currently logged in as: matias-rodriguez (cenia) to https://api.wandb.ai. Use `wandb login --relogin` to force relogin
/home/matias_rodriguez/miniconda3/envs/maskdp/lib/python3.8/site-packages/wandb/analytics/sentry.py:268: DeprecationWarning: Read the `app_url` setting from the appropriate Settings object.
  app_url = wandb.util.app_url(tags["base_url"])  # type: ignore[index]
/home/matias_rodriguez/miniconda3/envs/maskdp/lib/python3.8/site-packages/wandb/analytics/sentry.py:268: DeprecationWarning: Read the `app_url` setting from the appropriate Settings object.
  app_url = wandb.util.app_url(tags["base_url"])  # type: ignore[index]
/home/matias_rodriguez/miniconda3/envs/maskdp/lib/python3.8/site-packages/wandb/analytics/sentry.py:268: DeprecationWarning: Read the `app_url` setting from the appropriate Settings object.
  app_url = wandb.util.app_url(tags["base_url"])  # type: ignore[index]
/home/matias_rodriguez/miniconda3/envs/maskdp/lib/python3.8/site-packages/wandb/analytics/sentry.py:268: DeprecationWarning: Read the `app_url` setting from the appropriate Settings object.
  app_url = wandb.util.app_url(tags["base_url"])  # type: ignore[index]
/home/matias_rodriguez/miniconda3/envs/maskdp/lib/python3.8/site-packages/wandb/analytics/sentry.py:279: DeprecationWarning: The `Scope.user` setter is deprecated in favor of `Scope.set_user()`.
  self.scope.user = {"email": email}
Error executing job with overrides: ['agent=mdp', 'agent.batch_size=384', 'agent.transformer_cfg.traj_length=64', 'agent.transformer_cfg.loss=total', 'agent.transformer_cfg.n_embd=256', 'agent.transformer_cfg.n_head=4', 'agent.transformer_cfg.n_enc_layer=3', 'agent.transformer_cfg.n_dec_layer=2', 'agent.transformer_cfg.norm=l2', 'num_grad_steps=400010', 'task=walker_run', 'snapshot_dir=snapshot', 'resume=false', 'project=final_mt_mdp', 'use_wandb=True', 'seed=1']
Traceback (most recent call last):
  File "pretrain.py", line 83, in main
    wandb.init(
  File "/home/matias_rodriguez/miniconda3/envs/maskdp/lib/python3.8/site-packages/wandb/sdk/wandb_init.py", line 1595, in init
    get_sentry().reraise(e)
  File "/home/matias_rodriguez/miniconda3/envs/maskdp/lib/python3.8/site-packages/wandb/analytics/sentry.py", line 190, in reraise
    raise exc.with_traceback(tb)
  File "/home/matias_rodriguez/miniconda3/envs/maskdp/lib/python3.8/site-packages/wandb/sdk/wandb_init.py", line 1578, in init
    run = wi.init(run_settings, run_config, run_printer)
  File "/home/matias_rodriguez/miniconda3/envs/maskdp/lib/python3.8/site-packages/wandb/sdk/wandb_init.py", line 1031, in init
    raise error
wandb.errors.errors.CommError: Error uploading run: returned error 404: {"data":{"upsertBucket":null},"errors":[{"message":"entity matias-rodriguez-cenia not found during upsertBucket","path":["upsertBucket"]}]}

Set the environment variable HYDRA_FULL_ERROR=1 for a complete stack trace.
